// Vitest Snapshot v1, https://vitest.dev/guide/snapshot.html

exports[`commandMetadata snapshot > sorted commandMetadata matches snapshot 1`] = `
[
  {
    "args": [],
    "description": "validate token and optionally persist it to the local secrets store",
    "errorCodes": [
      "AUTH_TOKEN_MISSING",
      "AUTH_TOKEN_INVALID",
      "AUTH_FAILED",
      "AUTH_SCOPE_DENIED",
      "CONFIG_INVALID",
      "PROFILE_UNKNOWN",
    ],
    "examples": [
      "singularity auth login --save-token --json",
    ],
    "name": "auth login",
    "outputSchema": null,
  },
  {
    "args": [],
    "description": "remove the saved token for the active profile",
    "errorCodes": [
      "PROFILE_UNKNOWN",
    ],
    "examples": [
      "singularity auth logout --json",
    ],
    "name": "auth logout",
    "outputSchema": null,
  },
  {
    "args": [],
    "description": "verify token validity against the API",
    "errorCodes": [
      "AUTH_TOKEN_MISSING",
      "AUTH_TOKEN_INVALID",
      "AUTH_TOKEN_EXPIRED",
      "AUTH_FAILED",
      "AUTH_SCOPE_DENIED",
      "CONFIG_INVALID",
      "PROFILE_UNKNOWN",
    ],
    "examples": [
      "singularity auth status --json",
    ],
    "name": "auth status",
    "outputSchema": null,
  },
  {
    "args": [],
    "description": "list all available commands and their metadata",
    "errorCodes": [],
    "examples": [
      "singularity commands --json",
    ],
    "name": "commands",
    "outputSchema": "CommandMetadata",
  },
  {
    "args": [
      {
        "description": "shell type: bash, zsh, or fish",
        "name": "shell",
        "required": true,
      },
    ],
    "description": "generate shell completion scripts",
    "errorCodes": [
      "VALIDATION_FAILED",
    ],
    "examples": [
      "singularity completion bash >> ~/.bash_completion",
      "singularity completion zsh > ~/.zfunc/_singularity",
      "singularity completion fish > ~/.config/fish/completions/singularity.fish",
    ],
    "name": "completion",
    "outputSchema": null,
  },
  {
    "args": [],
    "description": "print agent-oriented example invocations",
    "errorCodes": [],
    "examples": [
      "singularity completion examples --json",
    ],
    "name": "completion examples",
    "outputSchema": null,
  },
  {
    "args": [],
    "description": "initialize a .singularity-project.yml in the current directory",
    "errorCodes": [
      "VALIDATION_FAILED",
    ],
    "examples": [
      "singularity config init --json --project myproj",
    ],
    "name": "config init",
    "outputSchema": null,
  },
  {
    "args": [],
    "description": "validate local config and report token availability",
    "errorCodes": [
      "CONFIG_INVALID",
      "PROFILE_UNKNOWN",
    ],
    "examples": [
      "singularity config validate --json",
    ],
    "name": "config validate",
    "outputSchema": null,
  },
  {
    "args": [],
    "description": "mark a habit as complete for today",
    "errorCodes": [
      "AUTH_TOKEN_MISSING",
      "AUTH_TOKEN_INVALID",
      "AUTH_FAILED",
      "ADAPTER_UNAVAILABLE",
      "CONFIG_INVALID",
      "PROFILE_UNKNOWN",
    ],
    "examples": [
      "singularity habits complete --id <id> --json",
    ],
    "name": "habits complete",
    "outputSchema": null,
  },
  {
    "args": [],
    "description": "create a new habit",
    "errorCodes": [
      "AUTH_TOKEN_MISSING",
      "AUTH_TOKEN_INVALID",
      "AUTH_FAILED",
      "ADAPTER_UNAVAILABLE",
      "VALIDATION_FAILED",
      "CONFIG_INVALID",
      "PROFILE_UNKNOWN",
    ],
    "examples": [
      "singularity habits create --title "Meditate" --color blue --json",
      "singularity habits create --title "Exercise" --json",
    ],
    "name": "habits create",
    "outputSchema": null,
  },
  {
    "args": [],
    "description": "get a habit by id",
    "errorCodes": [
      "AUTH_TOKEN_MISSING",
      "AUTH_TOKEN_INVALID",
      "AUTH_FAILED",
      "ADAPTER_UNAVAILABLE",
      "CONFIG_INVALID",
      "PROFILE_UNKNOWN",
    ],
    "examples": [
      "singularity habits get --id <id> --json",
    ],
    "name": "habits get",
    "outputSchema": null,
  },
  {
    "args": [],
    "description": "list habits",
    "errorCodes": [
      "AUTH_TOKEN_MISSING",
      "AUTH_TOKEN_INVALID",
      "AUTH_FAILED",
      "ADAPTER_UNAVAILABLE",
      "CONFIG_INVALID",
      "PROFILE_UNKNOWN",
    ],
    "examples": [
      "singularity habits list --json",
    ],
    "name": "habits list",
    "outputSchema": null,
  },
  {
    "args": [],
    "description": "update a habit",
    "errorCodes": [
      "AUTH_TOKEN_MISSING",
      "AUTH_TOKEN_INVALID",
      "AUTH_FAILED",
      "ADAPTER_UNAVAILABLE",
      "VALIDATION_FAILED",
      "CONFIG_INVALID",
      "PROFILE_UNKNOWN",
    ],
    "examples": [
      "singularity habits update --id <id> --title "New Title" --json",
      "singularity habits update --id <id> --color green --json",
    ],
    "name": "habits update",
    "outputSchema": null,
  },
  {
    "args": [],
    "description": "add a note item (or task) to a project",
    "errorCodes": [
      "AUTH_TOKEN_MISSING",
      "AUTH_TOKEN_INVALID",
      "AUTH_FAILED",
      "ADAPTER_UNAVAILABLE",
      "PROJECT_BINDING_MISSING",
      "PROJECT_ALIAS_UNKNOWN",
      "CONFIG_INVALID",
      "PROFILE_UNKNOWN",
    ],
    "examples": [
      "singularity notes add-item --project myproject --title "My Note" --json",
      "singularity notes add-item --project myproject --title "My Task" --task --json",
    ],
    "name": "notes add-item",
    "outputSchema": "NormalizedTask",
  },
  {
    "args": [],
    "description": "create a note with Delta content",
    "errorCodes": [
      "AUTH_TOKEN_MISSING",
      "AUTH_TOKEN_INVALID",
      "AUTH_FAILED",
      "ADAPTER_UNAVAILABLE",
      "DELTA_INVALID",
      "CONFIG_INVALID",
      "PROFILE_UNKNOWN",
    ],
    "examples": [
      "singularity notes create --content '[{"insert":"hello\\n"}]' --title "My Note" --json",
    ],
    "name": "notes create",
    "outputSchema": null,
  },
  {
    "args": [],
    "description": "get a note by id",
    "errorCodes": [
      "AUTH_TOKEN_MISSING",
      "AUTH_TOKEN_INVALID",
      "AUTH_FAILED",
      "ADAPTER_UNAVAILABLE",
      "CONFIG_INVALID",
      "PROFILE_UNKNOWN",
    ],
    "examples": [
      "singularity notes get --id <id> --json",
    ],
    "name": "notes get",
    "outputSchema": null,
  },
  {
    "args": [],
    "description": "list notes",
    "errorCodes": [
      "AUTH_TOKEN_MISSING",
      "AUTH_TOKEN_INVALID",
      "AUTH_FAILED",
      "ADAPTER_UNAVAILABLE",
      "CONFIG_INVALID",
      "PROFILE_UNKNOWN",
    ],
    "examples": [
      "singularity notes list --json",
      "singularity notes list --project myproject --json",
    ],
    "name": "notes list",
    "outputSchema": null,
  },
  {
    "args": [],
    "description": "create a notebook (project with notebook flag)",
    "errorCodes": [
      "AUTH_TOKEN_MISSING",
      "AUTH_TOKEN_INVALID",
      "AUTH_FAILED",
      "ADAPTER_UNAVAILABLE",
      "CONFIG_INVALID",
      "PROFILE_UNKNOWN",
    ],
    "examples": [
      "singularity notes notebook-create --title "My Notebook" --json",
    ],
    "name": "notes notebook-create",
    "outputSchema": "NormalizedProject",
  },
  {
    "args": [],
    "description": "create a new project",
    "errorCodes": [
      "AUTH_TOKEN_MISSING",
      "AUTH_TOKEN_INVALID",
      "AUTH_FAILED",
      "ADAPTER_UNAVAILABLE",
      "VALIDATION_FAILED",
      "CONFIG_INVALID",
      "PROFILE_UNKNOWN",
    ],
    "examples": [
      "singularity projects create --title "My Project" --json",
      "singularity projects create --title "My Project" --emoji 🚀 --dry-run --json",
    ],
    "name": "projects create",
    "outputSchema": "NormalizedProject",
  },
  {
    "args": [],
    "description": "get a project by id",
    "errorCodes": [
      "AUTH_TOKEN_MISSING",
      "AUTH_TOKEN_INVALID",
      "AUTH_FAILED",
      "ADAPTER_UNAVAILABLE",
      "CONFIG_INVALID",
      "PROFILE_UNKNOWN",
    ],
    "examples": [
      "singularity projects get --id <id> --json",
    ],
    "name": "projects get",
    "outputSchema": "NormalizedProject",
  },
  {
    "args": [],
    "description": "list projects",
    "errorCodes": [
      "AUTH_TOKEN_MISSING",
      "AUTH_TOKEN_INVALID",
      "AUTH_FAILED",
      "ADAPTER_UNAVAILABLE",
      "CONFIG_INVALID",
      "PROFILE_UNKNOWN",
    ],
    "examples": [
      "singularity projects list --json",
      "singularity projects list --archived --json",
    ],
    "name": "projects list",
    "outputSchema": "ProjectList",
  },
  {
    "args": [],
    "description": "update a project",
    "errorCodes": [
      "AUTH_TOKEN_MISSING",
      "AUTH_TOKEN_INVALID",
      "AUTH_FAILED",
      "ADAPTER_UNAVAILABLE",
      "VALIDATION_FAILED",
      "CONFIG_INVALID",
      "PROFILE_UNKNOWN",
    ],
    "examples": [
      "singularity projects update --id <id> --title "New Title" --json",
      "singularity projects update --id <id> --archive --json",
    ],
    "name": "projects update",
    "outputSchema": "NormalizedProject",
  },
  {
    "args": [],
    "description": "print JSON Schema definitions for all output types",
    "errorCodes": [],
    "examples": [
      "singularity schemas --json",
    ],
    "name": "schemas",
    "outputSchema": null,
  },
  {
    "args": [],
    "description": "search across tasks and projects (not yet available in current upstream)",
    "errorCodes": [
      "ADAPTER_UNAVAILABLE",
    ],
    "examples": [
      "singularity search --query "my task" --json",
    ],
    "name": "search",
    "outputSchema": null,
  },
  {
    "args": [],
    "description": "generate agent skill files for the Singularity API",
    "errorCodes": [
      "NOT_IMPLEMENTED",
      "GENERATED_FILE_COLLISION",
      "VALIDATION_FAILED",
    ],
    "examples": [
      "singularity skills --agent claude --json",
      "singularity skills --agent claude --output-dir .claude --json",
      "singularity skills --agent claude --check --json",
      "singularity skills --agent claude --with-commands --json",
    ],
    "name": "skills",
    "outputSchema": null,
  },
  {
    "args": [],
    "description": "create a new tag",
    "errorCodes": [
      "AUTH_TOKEN_MISSING",
      "AUTH_TOKEN_INVALID",
      "AUTH_FAILED",
      "ADAPTER_UNAVAILABLE",
      "CONFIG_INVALID",
      "PROFILE_UNKNOWN",
    ],
    "examples": [
      "singularity tags create --title "urgent" --json",
      "singularity tags create --title "focus" --color blue --json",
    ],
    "name": "tags create",
    "outputSchema": null,
  },
  {
    "args": [],
    "description": "delete a tag",
    "errorCodes": [
      "AUTH_TOKEN_MISSING",
      "AUTH_TOKEN_INVALID",
      "AUTH_FAILED",
      "ADAPTER_UNAVAILABLE",
      "CONFIRMATION_REQUIRED",
      "CONFIG_INVALID",
      "PROFILE_UNKNOWN",
    ],
    "examples": [
      "singularity tags delete --id <id> --yes --json",
      "singularity tags delete --id <id> --force --json",
    ],
    "name": "tags delete",
    "outputSchema": null,
  },
  {
    "args": [],
    "description": "get a tag by id",
    "errorCodes": [
      "AUTH_TOKEN_MISSING",
      "AUTH_TOKEN_INVALID",
      "AUTH_FAILED",
      "ADAPTER_UNAVAILABLE",
      "CONFIG_INVALID",
      "PROFILE_UNKNOWN",
    ],
    "examples": [
      "singularity tags get --id <id> --json",
    ],
    "name": "tags get",
    "outputSchema": null,
  },
  {
    "args": [],
    "description": "list tags",
    "errorCodes": [
      "AUTH_TOKEN_MISSING",
      "AUTH_TOKEN_INVALID",
      "AUTH_FAILED",
      "ADAPTER_UNAVAILABLE",
      "CONFIG_INVALID",
      "PROFILE_UNKNOWN",
    ],
    "examples": [
      "singularity tags list --json",
    ],
    "name": "tags list",
    "outputSchema": null,
  },
  {
    "args": [],
    "description": "update a tag",
    "errorCodes": [
      "AUTH_TOKEN_MISSING",
      "AUTH_TOKEN_INVALID",
      "AUTH_FAILED",
      "ADAPTER_UNAVAILABLE",
      "VALIDATION_FAILED",
      "CONFIG_INVALID",
      "PROFILE_UNKNOWN",
    ],
    "examples": [
      "singularity tags update --id <id> --title "renamed" --json",
    ],
    "name": "tags update",
    "outputSchema": null,
  },
  {
    "args": [],
    "description": "create a new task group",
    "errorCodes": [
      "AUTH_TOKEN_MISSING",
      "AUTH_TOKEN_INVALID",
      "AUTH_FAILED",
      "ADAPTER_UNAVAILABLE",
      "CONFIG_INVALID",
      "PROFILE_UNKNOWN",
    ],
    "examples": [
      "singularity task-groups create --title "Week 1" --project <id> --json",
    ],
    "name": "task-groups create",
    "outputSchema": null,
  },
  {
    "args": [],
    "description": "delete a task group",
    "errorCodes": [
      "AUTH_TOKEN_MISSING",
      "AUTH_TOKEN_INVALID",
      "AUTH_FAILED",
      "ADAPTER_UNAVAILABLE",
      "CONFIRMATION_REQUIRED",
      "CONFIG_INVALID",
      "PROFILE_UNKNOWN",
    ],
    "examples": [
      "singularity task-groups delete --id <id> --yes --json",
      "singularity task-groups delete --id <id> --force --json",
    ],
    "name": "task-groups delete",
    "outputSchema": null,
  },
  {
    "args": [],
    "description": "get a task group by id",
    "errorCodes": [
      "AUTH_TOKEN_MISSING",
      "AUTH_TOKEN_INVALID",
      "AUTH_FAILED",
      "ADAPTER_UNAVAILABLE",
      "CONFIG_INVALID",
      "PROFILE_UNKNOWN",
    ],
    "examples": [
      "singularity task-groups get --id <id> --json",
    ],
    "name": "task-groups get",
    "outputSchema": null,
  },
  {
    "args": [],
    "description": "list task groups",
    "errorCodes": [
      "AUTH_TOKEN_MISSING",
      "AUTH_TOKEN_INVALID",
      "AUTH_FAILED",
      "ADAPTER_UNAVAILABLE",
      "CONFIG_INVALID",
      "PROFILE_UNKNOWN",
    ],
    "examples": [
      "singularity task-groups list --json",
      "singularity task-groups list --project <id> --json",
    ],
    "name": "task-groups list",
    "outputSchema": null,
  },
  {
    "args": [],
    "description": "update a task group",
    "errorCodes": [
      "AUTH_TOKEN_MISSING",
      "AUTH_TOKEN_INVALID",
      "AUTH_FAILED",
      "ADAPTER_UNAVAILABLE",
      "VALIDATION_FAILED",
      "CONFIG_INVALID",
      "PROFILE_UNKNOWN",
    ],
    "examples": [
      "singularity task-groups update --id <id> --title "Week 2" --json",
    ],
    "name": "task-groups update",
    "outputSchema": null,
  },
  {
    "args": [],
    "description": "complete a task",
    "errorCodes": [
      "AUTH_TOKEN_MISSING",
      "AUTH_TOKEN_INVALID",
      "AUTH_FAILED",
      "ADAPTER_UNAVAILABLE",
      "CONFIG_INVALID",
      "PROFILE_UNKNOWN",
    ],
    "examples": [
      "singularity tasks complete --id <id> --json",
    ],
    "name": "tasks complete",
    "outputSchema": "NormalizedTask",
  },
  {
    "args": [],
    "description": "create a new task",
    "errorCodes": [
      "AUTH_TOKEN_MISSING",
      "AUTH_TOKEN_INVALID",
      "AUTH_FAILED",
      "ADAPTER_UNAVAILABLE",
      "VALIDATION_FAILED",
      "BASE_TASK_GROUP_MISSING",
      "PROJECT_BINDING_MISSING",
      "CONFIG_INVALID",
      "PROFILE_UNKNOWN",
    ],
    "examples": [
      "singularity tasks create --title "My Task" --project myproject --task-group g1 --json",
      "singularity tasks create --title "My Task" --date 2026-07-01 --dry-run --json",
    ],
    "name": "tasks create",
    "outputSchema": "NormalizedTask",
  },
  {
    "args": [],
    "description": "delete a task",
    "errorCodes": [
      "AUTH_TOKEN_MISSING",
      "AUTH_TOKEN_INVALID",
      "AUTH_FAILED",
      "ADAPTER_UNAVAILABLE",
      "CONFIRMATION_REQUIRED",
      "CONFIG_INVALID",
      "PROFILE_UNKNOWN",
    ],
    "examples": [
      "singularity tasks delete --id <id> --yes --json",
      "singularity tasks delete --id <id> --force --json",
    ],
    "name": "tasks delete",
    "outputSchema": null,
  },
  {
    "args": [],
    "description": "get a task by id",
    "errorCodes": [
      "AUTH_TOKEN_MISSING",
      "AUTH_TOKEN_INVALID",
      "AUTH_FAILED",
      "ADAPTER_UNAVAILABLE",
      "CONFIG_INVALID",
      "PROFILE_UNKNOWN",
    ],
    "examples": [
      "singularity tasks get --id <id> --json",
    ],
    "name": "tasks get",
    "outputSchema": "NormalizedTask",
  },
  {
    "args": [],
    "description": "list tasks",
    "errorCodes": [
      "AUTH_TOKEN_MISSING",
      "AUTH_TOKEN_INVALID",
      "AUTH_FAILED",
      "ADAPTER_UNAVAILABLE",
      "CONFIG_INVALID",
      "PROFILE_UNKNOWN",
    ],
    "examples": [
      "singularity tasks list --json",
      "singularity tasks list --project myproject --status open --json",
    ],
    "name": "tasks list",
    "outputSchema": "TaskList",
  },
  {
    "args": [],
    "description": "move a task to another project",
    "errorCodes": [
      "AUTH_TOKEN_MISSING",
      "AUTH_TOKEN_INVALID",
      "AUTH_FAILED",
      "ADAPTER_UNAVAILABLE",
      "PROJECT_ALIAS_UNKNOWN",
      "PROJECT_BINDING_MISSING",
      "CONFIG_INVALID",
      "PROFILE_UNKNOWN",
    ],
    "examples": [
      "singularity tasks move --id <id> --project <dest-alias> --json",
    ],
    "name": "tasks move",
    "outputSchema": "NormalizedTask",
  },
  {
    "args": [],
    "description": "update a task",
    "errorCodes": [
      "AUTH_TOKEN_MISSING",
      "AUTH_TOKEN_INVALID",
      "AUTH_FAILED",
      "ADAPTER_UNAVAILABLE",
      "VALIDATION_FAILED",
      "CONFIG_INVALID",
      "PROFILE_UNKNOWN",
    ],
    "examples": [
      "singularity tasks update --id <id> --title "New Title" --json",
      "singularity tasks update --id <id> --status done --json",
    ],
    "name": "tasks update",
    "outputSchema": "NormalizedTask",
  },
  {
    "args": [],
    "description": "check for upstream updates",
    "errorCodes": [
      "UPSTREAM_SCHEMA_MISMATCH",
    ],
    "examples": [
      "singularity upstream check --json",
    ],
    "name": "upstream check",
    "outputSchema": null,
  },
  {
    "args": [],
    "description": "upgrade the upstream bundle",
    "errorCodes": [
      "UPSTREAM_BREAKING_CHANGE",
      "UPSTREAM_SCHEMA_MISMATCH",
      "USAGE_ERROR",
    ],
    "examples": [
      "singularity upstream upgrade --to 2.2.0",
    ],
    "name": "upstream upgrade",
    "outputSchema": null,
  },
  {
    "args": [],
    "description": "verify the bundled MCPB archive against the lockfile",
    "errorCodes": [
      "UPSTREAM_SCHEMA_MISMATCH",
      "ADAPTER_UNAVAILABLE",
    ],
    "examples": [
      "singularity upstream verify --json",
    ],
    "name": "upstream verify",
    "outputSchema": null,
  },
  {
    "args": [],
    "description": "print CLI and upstream MCPB version information",
    "errorCodes": [],
    "examples": [
      "singularity version --json",
    ],
    "name": "version",
    "outputSchema": "VersionInfo",
  },
]
`;
